LexToken(PROGRAM,'PROGRAM',1,6)
LexToken(IDENTIFIER,'EX7',1,14)
LexToken(IDENTIFIER,'A',3,50)
LexToken(EQUALS,'=',3,52)
LexToken(INTEGER_CONST,10,3,54)
LexToken(PLUS,'+',3,57)
LexToken(INTEGER_CONST,20,3,59)
LexToken(PLUS,'+',3,65)
LexToken(INTEGER_CONST,30,3,67)
LexToken(PLUS,'+',3,70)
LexToken(INTEGER_CONST,40,3,72)
LexToken(PLUS,'+',3,78)
LexToken(INTEGER_CONST,50,3,80)
LexToken(PLUS,'+',3,86)
LexToken(INTEGER_CONST,60,3,88)
LexToken(PRINT,'PRINT',7,100)
LexToken(ASTERISK,'*',7,106)
LexToken(COMMA,',',7,107)
LexToken(IDENTIFIER,'A',7,109)
LexToken(END,'END',8,117)
