LexToken(PROGRAM,'PROGRAM',1,6)
LexToken(IDENTIFIER,'TESTARR',1,14)
LexToken(INTEGER,'INTEGER',2,28)
LexToken(IDENTIFIER,'A',2,36)
LexToken(DIMENSION,'DIMENSION',3,44)
LexToken(IDENTIFIER,'A',3,54)
LexToken(LPAREN,'(',3,55)
LexToken(INTEGER_CONST,5,3,56)
LexToken(RPAREN,')',3,57)
LexToken(INTEGER,'INTEGER',4,65)
LexToken(IDENTIFIER,'B',4,73)
LexToken(LPAREN,'(',4,74)
LexToken(INTEGER_CONST,5,4,75)
LexToken(RPAREN,')',4,76)
LexToken(INTEGER,'INTEGER',5,84)
LexToken(IDENTIFIER,'I',5,92)
LexToken(DO,'DO',7,101)
LexToken(INTEGER_CONST,10,7,104)
LexToken(IDENTIFIER,'I',7,107)
LexToken(EQUALS,'=',7,109)
LexToken(INTEGER_CONST,1,7,111)
LexToken(COMMA,',',7,112)
LexToken(INTEGER_CONST,5,7,114)
LexToken(IDENTIFIER,'A',8,122)
LexToken(LPAREN,'(',8,123)
LexToken(IDENTIFIER,'I',8,124)
LexToken(RPAREN,')',8,125)
LexToken(EQUALS,'=',8,127)
LexToken(IDENTIFIER,'I',8,129)
LexToken(ASTERISK,'*',8,131)
LexToken(INTEGER_CONST,10,8,133)
LexToken(IDENTIFIER,'B',9,142)
LexToken(LPAREN,'(',9,143)
LexToken(IDENTIFIER,'I',9,144)
LexToken(RPAREN,')',9,145)
LexToken(EQUALS,'=',9,147)
LexToken(IDENTIFIER,'I',9,149)
LexToken(ASTERISK,'*',9,151)
LexToken(INTEGER_CONST,20,9,153)
LexToken(INTEGER_CONST,10,10,159)
LexToken(CONTINUE,'CONTINUE',10,162)
LexToken(DO,'DO',12,178)
LexToken(INTEGER_CONST,20,12,181)
LexToken(IDENTIFIER,'I',12,184)
LexToken(EQUALS,'=',12,186)
LexToken(INTEGER_CONST,1,12,188)
LexToken(COMMA,',',12,189)
LexToken(INTEGER_CONST,5,12,191)
LexToken(PRINT,'PRINT',13,199)
LexToken(ASTERISK,'*',13,205)
LexToken(COMMA,',',13,206)
LexToken(CHARACTER_CONST,'A(',13,208)
LexToken(COMMA,',',13,212)
LexToken(IDENTIFIER,'I',13,214)
LexToken(COMMA,',',13,215)
LexToken(CHARACTER_CONST,') = ',13,217)
LexToken(COMMA,',',13,223)
LexToken(IDENTIFIER,'A',13,225)
LexToken(LPAREN,'(',13,226)
LexToken(IDENTIFIER,'I',13,227)
LexToken(RPAREN,')',13,228)
LexToken(PRINT,'PRINT',14,236)
LexToken(ASTERISK,'*',14,242)
LexToken(COMMA,',',14,243)
LexToken(CHARACTER_CONST,'B(',14,245)
LexToken(COMMA,',',14,249)
LexToken(IDENTIFIER,'I',14,251)
LexToken(COMMA,',',14,252)
LexToken(CHARACTER_CONST,') = ',14,254)
LexToken(COMMA,',',14,260)
LexToken(IDENTIFIER,'B',14,262)
LexToken(LPAREN,'(',14,263)
LexToken(IDENTIFIER,'I',14,264)
LexToken(RPAREN,')',14,265)
LexToken(INTEGER_CONST,20,15,270)
LexToken(CONTINUE,'CONTINUE',15,273)
LexToken(END,'END',17,289)
