LexToken(PROGRAM, 'PROGRAM',1,6)
LexToken(IDENTIFIER, 'EX6',1,14)
LexToken(DIMENSION, 'DIMENSION',2,6)
LexToken(IDENTIFIER, 'ARR',2,16)
LexToken(LPAREN, '(',2,19)
LexToken(INTEGER_CONST, 5,2,20)
LexToken(RPAREN, ')',2,21)
LexToken(INTEGER, 'INTEGER',3,6)
LexToken(IDENTIFIER, 'ARR',3,14)
LexToken(IDENTIFIER, 'ARR',4,6)
LexToken(LPAREN, '(',4,9)
LexToken(INTEGER_CONST, 1,4,10)
LexToken(RPAREN, ')',4,11)
LexToken(EQUALS, '=',4,13)
LexToken(INTEGER_CONST, 10,4,15)
LexToken(CALL, 'CALL',5,6)
LexToken(IDENTIFIER, 'MYSUB',5,11)
LexToken(LPAREN, '(',5,16)
LexToken(IDENTIFIER, 'ARR',5,17)
LexToken(COMMA, ',',5,20)
LexToken(INTEGER_CONST, 5,5,22)
LexToken(RPAREN, ')',5,23)
LexToken(STOP, 'STOP',6,6)
LexToken(END, 'END',7,6)
LexToken(SUBROUTINE, 'SUBROUTINE',9,6)
LexToken(IDENTIFIER, 'MYSUB',9,17)
LexToken(LPAREN, '(',9,22)
LexToken(IDENTIFIER, 'A',9,23)
LexToken(COMMA, ',',9,24)
LexToken(IDENTIFIER, 'N',9,26)
LexToken(RPAREN, ')',9,27)
LexToken(DIMENSION, 'DIMENSION',10,6)
LexToken(IDENTIFIER, 'A',10,16)
LexToken(LPAREN, '(',10,17)
LexToken(IDENTIFIER, 'N',10,18)
LexToken(RPAREN, ')',10,19)
LexToken(INTEGER, 'INTEGER',11,6)
LexToken(IDENTIFIER, 'A',11,14)
LexToken(COMMA, ',',11,15)
LexToken(IDENTIFIER, 'N',11,17)
LexToken(PRINT, 'PRINT',12,6)
LexToken(ASTERISK, '*',12,12)
LexToken(COMMA, ',',12,13)
LexToken(CHARACTER_CONST, 'VALOR: ',12,15)
LexToken(COMMA, ',',12,24)
LexToken(IDENTIFIER, 'A',12,26)
LexToken(LPAREN, '(',12,27)
LexToken(INTEGER_CONST, 1,12,28)
LexToken(RPAREN, ')',12,29)
LexToken(RETURN, 'RETURN',13,6)
LexToken(END, 'END',14,6)
