LexToken(PROGRAM, 'PROGRAM',1,6)
LexToken(IDENTIFIER, 'CONVERSOR',1,14)
LexToken(INTEGER, 'INTEGER',2,6)
LexToken(IDENTIFIER, 'NUM',2,14)
LexToken(COMMA, ',',2,17)
LexToken(IDENTIFIER, 'BASE',2,19)
LexToken(COMMA, ',',2,23)
LexToken(IDENTIFIER, 'RESULT',2,25)
LexToken(COMMA, ',',2,31)
LexToken(IDENTIFIER, 'CONVRT',2,33)
LexToken(PRINT, 'PRINT',4,6)
LexToken(ASTERISK, '*',4,12)
LexToken(COMMA, ',',4,13)
LexToken(CHARACTER_CONST, 'INTRODUZA UM NUMERO DECIMAL INTEIRO:',4,15)
LexToken(READ, 'READ',5,6)
LexToken(ASTERISK, '*',5,11)
LexToken(COMMA, ',',5,12)
LexToken(IDENTIFIER, 'NUM',5,14)
LexToken(DO, 'DO',7,6)
LexToken(INTEGER_CONST, 10,7,9)
LexToken(IDENTIFIER, 'BASE',7,12)
LexToken(EQUALS, '=',7,17)
LexToken(INTEGER_CONST, 2,7,19)
LexToken(COMMA, ',',7,20)
LexToken(INTEGER_CONST, 9,7,22)
LexToken(IDENTIFIER, 'RESULT',8,6)
LexToken(EQUALS, '=',8,13)
LexToken(IDENTIFIER, 'CONVRT',8,15)
LexToken(LPAREN, '(',8,21)
LexToken(IDENTIFIER, 'NUM',8,22)
LexToken(COMMA, ',',8,25)
LexToken(IDENTIFIER, 'BASE',8,27)
LexToken(RPAREN, ')',8,31)
LexToken(PRINT, 'PRINT',9,6)
LexToken(ASTERISK, '*',9,12)
LexToken(COMMA, ',',9,13)
LexToken(CHARACTER_CONST, 'BASE ',9,15)
LexToken(COMMA, ',',9,22)
LexToken(IDENTIFIER, 'BASE',9,24)
LexToken(COMMA, ',',9,28)
LexToken(CHARACTER_CONST, ': ',9,30)
LexToken(COMMA, ',',9,34)
LexToken(IDENTIFIER, 'RESULT',9,36)
LexToken(INTEGER_CONST, 10,10,3)
LexToken(CONTINUE, 'CONTINUE',10,6)
LexToken(END, 'END',12,6)
LexToken(INTEGER, 'INTEGER',14,6)
LexToken(FUNCTION, 'FUNCTION',14,14)
LexToken(IDENTIFIER, 'CONVRT',14,23)
LexToken(LPAREN, '(',14,29)
LexToken(IDENTIFIER, 'N',14,30)
LexToken(COMMA, ',',14,31)
LexToken(IDENTIFIER, 'B',14,33)
LexToken(RPAREN, ')',14,34)
LexToken(INTEGER, 'INTEGER',15,6)
LexToken(IDENTIFIER, 'N',15,14)
LexToken(COMMA, ',',15,15)
LexToken(IDENTIFIER, 'B',15,17)
LexToken(COMMA, ',',15,18)
LexToken(IDENTIFIER, 'QUOT',15,20)
LexToken(COMMA, ',',15,24)
LexToken(IDENTIFIER, 'REM',15,26)
LexToken(COMMA, ',',15,29)
LexToken(IDENTIFIER, 'POT',15,31)
LexToken(COMMA, ',',15,34)
LexToken(IDENTIFIER, 'VAL',15,36)
LexToken(IDENTIFIER, 'VAL',16,6)
LexToken(EQUALS, '=',16,10)
LexToken(INTEGER_CONST, 0,16,12)
LexToken(IDENTIFIER, 'POT',17,6)
LexToken(EQUALS, '=',17,10)
LexToken(INTEGER_CONST, 1,17,12)
LexToken(IDENTIFIER, 'QUOT',18,6)
LexToken(EQUALS, '=',18,11)
LexToken(IDENTIFIER, 'N',18,13)
LexToken(INTEGER_CONST, 20,19,3)
LexToken(IF, 'IF',19,6)
LexToken(LPAREN, '(',19,9)
LexToken(IDENTIFIER, 'QUOT',19,10)
LexToken(GT, '.GT.',19,15)
LexToken(INTEGER_CONST, 0,19,20)
LexToken(RPAREN, ')',19,21)
LexToken(THEN, 'THEN',19,23)
LexToken(IDENTIFIER, 'REM',20,6)
LexToken(EQUALS, '=',20,10)
LexToken(IDENTIFIER, 'MOD',20,12)
LexToken(LPAREN, '(',20,15)
LexToken(IDENTIFIER, 'QUOT',20,16)
LexToken(COMMA, ',',20,20)
LexToken(IDENTIFIER, 'B',20,22)
LexToken(RPAREN, ')',20,23)
LexToken(IDENTIFIER, 'VAL',21,6)
LexToken(EQUALS, '=',21,10)
LexToken(IDENTIFIER, 'VAL',21,12)
LexToken(PLUS, '+',21,16)
LexToken(LPAREN, '(',21,18)
LexToken(IDENTIFIER, 'REM',21,19)
LexToken(ASTERISK, '*',21,23)
LexToken(IDENTIFIER, 'POT',21,25)
LexToken(RPAREN, ')',21,28)
LexToken(IDENTIFIER, 'QUOT',22,6)
LexToken(EQUALS, '=',22,11)
LexToken(IDENTIFIER, 'QUOT',22,13)
LexToken(DIVIDE, '/',22,18)
LexToken(IDENTIFIER, 'B',22,20)
LexToken(IDENTIFIER, 'POT',23,6)
LexToken(EQUALS, '=',23,10)
LexToken(IDENTIFIER, 'POT',23,12)
LexToken(ASTERISK, '*',23,16)
LexToken(INTEGER_CONST, 10,23,18)
LexToken(GOTO, 'GOTO',24,6)
LexToken(INTEGER_CONST, 20,24,11)
LexToken(ENDIF, 'ENDIF',25,6)
LexToken(IDENTIFIER, 'CONVRT',26,6)
LexToken(EQUALS, '=',26,13)
LexToken(IDENTIFIER, 'VAL',26,15)
LexToken(RETURN, 'RETURN',27,6)
LexToken(END, 'END',28,6)
