LexToken(PROGRAM, 'PROGRAM',1,6)
LexToken(IDENTIFIER, 'PRIMO',1,14)
LexToken(INTEGER, 'INTEGER',2,6)
LexToken(IDENTIFIER, 'NUM',2,14)
LexToken(COMMA, ',',2,17)
LexToken(IDENTIFIER, 'I',2,19)
LexToken(LOGICAL, 'LOGICAL',3,6)
LexToken(IDENTIFIER, 'ISPRIM',3,14)
LexToken(PRINT, 'PRINT',4,6)
LexToken(ASTERISK, '*',4,12)
LexToken(COMMA, ',',4,13)
LexToken(CHARACTER_CONST, 'Introduza um numero inteiro positivo:',4,15)
LexToken(READ, 'READ',5,6)
LexToken(ASTERISK, '*',5,11)
LexToken(COMMA, ',',5,12)
LexToken(IDENTIFIER, 'NUM',5,14)
LexToken(IDENTIFIER, 'ISPRIM',6,6)
LexToken(EQUALS, '=',6,13)
LexToken(LOGICAL_CONST, '.TRUE.',6,15)
LexToken(IDENTIFIER, 'I',7,6)
LexToken(EQUALS, '=',7,8)
LexToken(INTEGER_CONST, 2,7,10)
LexToken(INTEGER_CONST, 20,8,3)
LexToken(IF, 'IF',8,6)
LexToken(LPAREN, '(',8,9)
LexToken(IDENTIFIER, 'I',8,10)
LexToken(LE, '.LE.',8,12)
LexToken(LPAREN, '(',8,17)
LexToken(IDENTIFIER, 'NUM',8,18)
LexToken(DIVIDE, '/',8,21)
LexToken(INTEGER_CONST, 2,8,22)
LexToken(RPAREN, ')',8,23)
LexToken(AND, '.AND.',8,25)
LexToken(IDENTIFIER, 'ISPRIM',8,31)
LexToken(RPAREN, ')',8,37)
LexToken(THEN, 'THEN',8,39)
LexToken(IF, 'IF',9,6)
LexToken(LPAREN, '(',9,9)
LexToken(IDENTIFIER, 'MOD',9,10)
LexToken(LPAREN, '(',9,13)
LexToken(IDENTIFIER, 'NUM',9,14)
LexToken(COMMA, ',',9,17)
LexToken(IDENTIFIER, 'I',9,19)
LexToken(RPAREN, ')',9,20)
LexToken(EQ, '.EQ.',9,22)
LexToken(INTEGER_CONST, 0,9,27)
LexToken(RPAREN, ')',9,28)
LexToken(THEN, 'THEN',9,30)
LexToken(IDENTIFIER, 'ISPRIM',10,6)
LexToken(EQUALS, '=',10,13)
LexToken(LOGICAL_CONST, '.FALSE.',10,15)
LexToken(ENDIF, 'ENDIF',11,6)
LexToken(IDENTIFIER, 'I',12,6)
LexToken(EQUALS, '=',12,8)
LexToken(IDENTIFIER, 'I',12,10)
LexToken(PLUS, '+',12,12)
LexToken(INTEGER_CONST, 1,12,13)
LexToken(GOTO, 'GOTO',13,6)
LexToken(INTEGER_CONST, 20,13,11)
LexToken(ENDIF, 'ENDIF',14,6)
LexToken(IF, 'IF',15,6)
LexToken(LPAREN, '(',15,9)
LexToken(IDENTIFIER, 'ISPRIM',15,10)
LexToken(RPAREN, ')',15,16)
LexToken(THEN, 'THEN',15,18)
LexToken(PRINT, 'PRINT',16,6)
LexToken(ASTERISK, '*',16,12)
LexToken(COMMA, ',',16,13)
LexToken(IDENTIFIER, 'NUM',16,15)
LexToken(COMMA, ',',16,18)
LexToken(CHARACTER_CONST, ' e um numero primo',16,20)
LexToken(ELSE, 'ELSE',17,6)
LexToken(PRINT, 'PRINT',18,6)
LexToken(ASTERISK, '*',18,12)
LexToken(COMMA, ',',18,13)
LexToken(IDENTIFIER, 'NUM',18,15)
LexToken(COMMA, ',',18,18)
LexToken(CHARACTER_CONST, ' nao e um numero primo',18,20)
LexToken(ENDIF, 'ENDIF',19,6)
LexToken(END, 'END',20,6)
