LexToken(PROGRAM, 'PROGRAM',1,6)
LexToken(IDENTIFIER, 'SOMAARR',1,14)
LexToken(INTEGER, 'INTEGER',2,6)
LexToken(IDENTIFIER, 'NUMS',2,14)
LexToken(LPAREN, '(',2,18)
LexToken(INTEGER_CONST, 5,2,19)
LexToken(RPAREN, ')',2,20)
LexToken(INTEGER, 'INTEGER',3,6)
LexToken(IDENTIFIER, 'I',3,14)
LexToken(COMMA, ',',3,15)
LexToken(IDENTIFIER, 'SOMA',3,17)
LexToken(IDENTIFIER, 'SOMA',4,6)
LexToken(EQUALS, '=',4,11)
LexToken(INTEGER_CONST, 0,4,13)
LexToken(PRINT, 'PRINT',5,6)
LexToken(ASTERISK, '*',5,12)
LexToken(COMMA, ',',5,13)
LexToken(CHARACTER_CONST, 'Introduza 5 numeros inteiros:',5,15)
LexToken(DO, 'DO',6,6)
LexToken(INTEGER_CONST, 30,6,9)
LexToken(IDENTIFIER, 'I',6,12)
LexToken(EQUALS, '=',6,14)
LexToken(INTEGER_CONST, 1,6,16)
LexToken(COMMA, ',',6,17)
LexToken(INTEGER_CONST, 5,6,18)
LexToken(READ, 'READ',7,6)
LexToken(ASTERISK, '*',7,11)
LexToken(COMMA, ',',7,12)
LexToken(IDENTIFIER, 'NUMS',7,14)
LexToken(LPAREN, '(',7,18)
LexToken(IDENTIFIER, 'I',7,19)
LexToken(RPAREN, ')',7,20)
LexToken(IDENTIFIER, 'SOMA',8,6)
LexToken(EQUALS, '=',8,11)
LexToken(IDENTIFIER, 'SOMA',8,13)
LexToken(PLUS, '+',8,18)
LexToken(IDENTIFIER, 'NUMS',8,20)
LexToken(LPAREN, '(',8,24)
LexToken(IDENTIFIER, 'I',8,25)
LexToken(RPAREN, ')',8,26)
LexToken(INTEGER_CONST, 30,9,3)
LexToken(CONTINUE, 'CONTINUE',9,6)
LexToken(PRINT, 'PRINT',10,6)
LexToken(ASTERISK, '*',10,12)
LexToken(COMMA, ',',10,13)
LexToken(CHARACTER_CONST, 'A soma dos numeros e: ',10,15)
LexToken(COMMA, ',',10,39)
LexToken(IDENTIFIER, 'SOMA',10,41)
LexToken(END, 'END',11,6)
